Running Random Forest prediction...
Starting predict_richness_ch.r at 2026-06-24 00:29:15 
Loading models and training data...
Factor columns (moss): LU_4, TypoCH_1st_code, aspect_factor, mow_int_cat 
Factor columns (plant): LU_4, TypoCH_1st_code, aspect_factor, mow_int_cat 
Setting up 100 m LV95 reference grid...
Reference grid: 3484 cols x 2207 rows
Loading topography...
Deriving aspect_factor...
Loading land use (LU_4)...
Loading and categorising mowing intensity...
Loading habitat map (TypoCH_1st_code)...
Loading vegetation height...
Loading bioclim rasters...
Loading radiation (15-yr average)...
Loading soil rasters...
Assembling predictor stack...
Stack: 20 layers , LU_4, slope, tpi, twi, TypoCH_1st_code, bio3, bio4, bio10, bio11, bio18, bio19, radiation_y_15yr, soc_stock_0_120, humus_0_30, kak_0_30, ph_0_30, sand_0_30, veg_height, aspect_factor, mow_int_cat
Setup complete. Current time: 2026-06-24 00:39:02 
Moss stack: 20 predictor layers
Predicting moss richness across Switzerland...
Predicting.. Progress: 21%. Estimated remaining time: 1 minute, 53 seconds.
Predicting.. Progress: 43%. Estimated remaining time: 1 minute, 23 seconds.
Predicting.. Progress: 64%. Estimated remaining time: 52 seconds.
Predicting.. Progress: 85%. Estimated remaining time: 21 seconds.
Aggregating predictions.. Progress: 53%. Estimated remaining time: 27 seconds.
Saving moss prediction...
Saved: ../data/modelling/attempt_3/outputs/moss_richness/prediction_ch_100m.tif 
Moss prediction complete. Current time: 2026-06-24 00:53:43 
Plant stack: 20 predictor layers
Predicting plant richness across Switzerland...
Predicting.. Progress: 21%. Estimated remaining time: 1 minute, 58 seconds.
Predicting.. Progress: 42%. Estimated remaining time: 1 minute, 27 seconds.
Predicting.. Progress: 62%. Estimated remaining time: 56 seconds.
Predicting.. Progress: 83%. Estimated remaining time: 25 seconds.
Aggregating predictions.. Progress: 55%. Estimated remaining time: 25 seconds.
Saving plant prediction...
Saved: ../data/modelling/attempt_3/outputs/plant_richness/prediction_ch_100m.tif 
Plant prediction complete. Current time: 2026-06-24 01:08:00 

--- Prediction summaries ---
moss richness , mean: 10.4  median: 11.2  min: 0.7  max: 25.4 | SE mean: 1.286
plant richness , mean: 25.8  median: 23.9  min: 7.7  max: 51.5 | SE mean: 2.581
Done.
Job completed successfully!
