Running Habitat CH rasterization...
terra using 16 threads; 10 x 10 = 100 tiles sequentially
Detecting layers in GDB...
Using layer: N2025_HabitatMap_CH_v1_2_20251211 
Template: 36000 cols x 23000 rows at 10 m
Tile 1/100...
Tile 2/100...
Tile 3/100...
Tile 4/100...
Tile 5/100...
Tile 6/100...
Tile 7/100...
Tile 8/100...
Tile 9/100...
Tile 10/100...
Tile 11/100...
Tile 12/100...
Tile 13/100...
Tile 14/100...
Tile 15/100...
Tile 16/100...
Tile 17/100...
Tile 18/100...
Tile 19/100...
Tile 20/100...
Tile 21/100...
Tile 22/100...
Tile 23/100...
Tile 24/100...
Tile 25/100...
Tile 26/100...
Tile 27/100...
Tile 28/100...
Tile 29/100...
Tile 30/100...
Tile 31/100...
Tile 32/100...
Tile 33/100...
Tile 34/100...
Tile 35/100...
Tile 36/100...
Tile 37/100...
Tile 38/100...
Tile 39/100...
Tile 40/100...
Tile 41/100...
Tile 42/100...
Tile 43/100...
Tile 44/100...
Tile 45/100...
Tile 46/100...
Tile 47/100...
Tile 48/100...
Tile 49/100...
Tile 50/100...
Tile 51/100...
Tile 52/100...
Tile 53/100...
Tile 54/100...
Tile 55/100...
Tile 56/100...
Tile 57/100...
Tile 58/100...
Tile 59/100...
Tile 60/100...
Tile 61/100...
Tile 62/100...
Tile 63/100...
Tile 64/100...
Tile 65/100...
Tile 66/100...
Tile 67/100...
Tile 68/100...
Tile 69/100...
Tile 70/100...
Tile 71/100...
Tile 72/100...
Tile 73/100...
Tile 74/100...
Tile 75/100...
Tile 76/100...
Tile 77/100...
Tile 78/100...
Tile 79/100...
Tile 80/100...
Tile 81/100...
Tile 82/100...
Tile 83/100...
Tile 84/100...
Tile 85/100...
Tile 86/100...
Tile 87/100...
Tile 88/100...
Tile 89/100...
Tile 90/100...
Tile 91/100...
Tile 92/100...
Tile 93/100...
Tile 94/100...
Tile 95/100...
Tile 96/100...
Tile 97/100...
Tile 98/100...
Tile 99/100...
Tile 100/100...
Assembling tiles and writing output...
Saved: ../data/env/habitat_biotic/processed/habitat_map_v1_2/habitatmap_ch_level1_10m.tif 

Done.
Job completed successfully!
